Archive member included to satisfy reference by file (symbol)

c:/program files (x86)/atmel/studio/7.0/toolchain/avr8/avr8-gnu-toolchain/bin/../lib/gcc/avr/5.4.0/avr5\libgcc.a(_exit.o)
                              C:/Program Files (x86)/Atmel/Studio/7.0/Packs/atmel/ATmega_DFP/1.6.364/gcc/dev/atmega328pb/avr5/crtatmega328pb.o (exit)
c:/program files (x86)/atmel/studio/7.0/toolchain/avr8/avr8-gnu-toolchain/bin/../lib/gcc/avr/5.4.0/avr5\libgcc.a(_copy_data.o)
                              main.o (__do_copy_data)

Discarded input sections

 .data          0x00000000        0x0 C:/Program Files (x86)/Atmel/Studio/7.0/Packs/atmel/ATmega_DFP/1.6.364/gcc/dev/atmega328pb/avr5/crtatmega328pb.o
 .bss           0x00000000        0x0 C:/Program Files (x86)/Atmel/Studio/7.0/Packs/atmel/ATmega_DFP/1.6.364/gcc/dev/atmega328pb/avr5/crtatmega328pb.o
 .text          0x00000000        0x0 aes_decryption.o
 .data          0x00000000        0x0 aes_decryption.o
 .bss           0x00000000        0x0 aes_decryption.o
 .text.i_mix_columns
                0x00000000       0x2a aes_decryption.o
 .progmem.data.i_mix_columns_matrix
                0x00000000       0x10 aes_decryption.o
 .text          0x00000000        0x0 aes_encryption.o
 .data          0x00000000        0x0 aes_encryption.o
 .bss           0x00000000        0x0 aes_encryption.o
 .text.mix_columns
                0x00000000       0x2a aes_encryption.o
 .progmem.data.mix_columns_matrix
                0x00000000       0x10 aes_encryption.o
 .text          0x00000000        0x0 main.o
 .data          0x00000000        0x0 main.o
 .bss           0x00000000        0x0 main.o
 .text          0x00000000        0x0 c:/program files (x86)/atmel/studio/7.0/toolchain/avr8/avr8-gnu-toolchain/bin/../lib/gcc/avr/5.4.0/avr5\libgcc.a(_exit.o)
 .data          0x00000000        0x0 c:/program files (x86)/atmel/studio/7.0/toolchain/avr8/avr8-gnu-toolchain/bin/../lib/gcc/avr/5.4.0/avr5\libgcc.a(_exit.o)
 .bss           0x00000000        0x0 c:/program files (x86)/atmel/studio/7.0/toolchain/avr8/avr8-gnu-toolchain/bin/../lib/gcc/avr/5.4.0/avr5\libgcc.a(_exit.o)
 .text.libgcc.mul
                0x00000000        0x0 c:/program files (x86)/atmel/studio/7.0/toolchain/avr8/avr8-gnu-toolchain/bin/../lib/gcc/avr/5.4.0/avr5\libgcc.a(_exit.o)
 .text.libgcc.div
                0x00000000        0x0 c:/program files (x86)/atmel/studio/7.0/toolchain/avr8/avr8-gnu-toolchain/bin/../lib/gcc/avr/5.4.0/avr5\libgcc.a(_exit.o)
 .text.libgcc   0x00000000        0x0 c:/program files (x86)/atmel/studio/7.0/toolchain/avr8/avr8-gnu-toolchain/bin/../lib/gcc/avr/5.4.0/avr5\libgcc.a(_exit.o)
 .text.libgcc.prologue
                0x00000000        0x0 c:/program files (x86)/atmel/studio/7.0/toolchain/avr8/avr8-gnu-toolchain/bin/../lib/gcc/avr/5.4.0/avr5\libgcc.a(_exit.o)
 .text.libgcc.builtins
                0x00000000        0x0 c:/program files (x86)/atmel/studio/7.0/toolchain/avr8/avr8-gnu-toolchain/bin/../lib/gcc/avr/5.4.0/avr5\libgcc.a(_exit.o)
 .text.libgcc.fmul
                0x00000000        0x0 c:/program files (x86)/atmel/studio/7.0/toolchain/avr8/avr8-gnu-toolchain/bin/../lib/gcc/avr/5.4.0/avr5\libgcc.a(_exit.o)
 .text.libgcc.fixed
                0x00000000        0x0 c:/program files (x86)/atmel/studio/7.0/toolchain/avr8/avr8-gnu-toolchain/bin/../lib/gcc/avr/5.4.0/avr5\libgcc.a(_exit.o)
 .text          0x00000000        0x0 c:/program files (x86)/atmel/studio/7.0/toolchain/avr8/avr8-gnu-toolchain/bin/../lib/gcc/avr/5.4.0/avr5\libgcc.a(_copy_data.o)
 .data          0x00000000        0x0 c:/program files (x86)/atmel/studio/7.0/toolchain/avr8/avr8-gnu-toolchain/bin/../lib/gcc/avr/5.4.0/avr5\libgcc.a(_copy_data.o)
 .bss           0x00000000        0x0 c:/program files (x86)/atmel/studio/7.0/toolchain/avr8/avr8-gnu-toolchain/bin/../lib/gcc/avr/5.4.0/avr5\libgcc.a(_copy_data.o)
 .text.libgcc.mul
                0x00000000        0x0 c:/program files (x86)/atmel/studio/7.0/toolchain/avr8/avr8-gnu-toolchain/bin/../lib/gcc/avr/5.4.0/avr5\libgcc.a(_copy_data.o)
 .text.libgcc.div
                0x00000000        0x0 c:/program files (x86)/atmel/studio/7.0/toolchain/avr8/avr8-gnu-toolchain/bin/../lib/gcc/avr/5.4.0/avr5\libgcc.a(_copy_data.o)
 .text.libgcc   0x00000000        0x0 c:/program files (x86)/atmel/studio/7.0/toolchain/avr8/avr8-gnu-toolchain/bin/../lib/gcc/avr/5.4.0/avr5\libgcc.a(_copy_data.o)
 .text.libgcc.prologue
                0x00000000        0x0 c:/program files (x86)/atmel/studio/7.0/toolchain/avr8/avr8-gnu-toolchain/bin/../lib/gcc/avr/5.4.0/avr5\libgcc.a(_copy_data.o)
 .text.libgcc.builtins
                0x00000000        0x0 c:/program files (x86)/atmel/studio/7.0/toolchain/avr8/avr8-gnu-toolchain/bin/../lib/gcc/avr/5.4.0/avr5\libgcc.a(_copy_data.o)
 .text.libgcc.fmul
                0x00000000        0x0 c:/program files (x86)/atmel/studio/7.0/toolchain/avr8/avr8-gnu-toolchain/bin/../lib/gcc/avr/5.4.0/avr5\libgcc.a(_copy_data.o)
 .text.libgcc.fixed
                0x00000000        0x0 c:/program files (x86)/atmel/studio/7.0/toolchain/avr8/avr8-gnu-toolchain/bin/../lib/gcc/avr/5.4.0/avr5\libgcc.a(_copy_data.o)

Memory Configuration

Name             Origin             Length             Attributes
text             0x00000000         0x00008000         xr
data             0x00800100         0x00000800         rw !x
eeprom           0x00810000         0x00000400         rw !x
fuse             0x00820000         0x00000003         rw !x
lock             0x00830000         0x00000400         rw !x
signature        0x00840000         0x00000400         rw !x
user_signatures  0x00850000         0x00000400         rw !x
*default*        0x00000000         0xffffffff

Linker script and memory map

Address of section .data set to 0x800100
LOAD C:/Program Files (x86)/Atmel/Studio/7.0/Packs/atmel/ATmega_DFP/1.6.364/gcc/dev/atmega328pb/avr5/crtatmega328pb.o
LOAD aes_decryption.o
LOAD aes_encryption.o
LOAD main.o
START GROUP
LOAD c:/program files (x86)/atmel/studio/7.0/toolchain/avr8/avr8-gnu-toolchain/bin/../lib/gcc/avr/5.4.0/../../../../avr/lib/avr5\libm.a
END GROUP
START GROUP
LOAD c:/program files (x86)/atmel/studio/7.0/toolchain/avr8/avr8-gnu-toolchain/bin/../lib/gcc/avr/5.4.0/avr5\libgcc.a
LOAD c:/program files (x86)/atmel/studio/7.0/toolchain/avr8/avr8-gnu-toolchain/bin/../lib/gcc/avr/5.4.0/../../../../avr/lib/avr5\libm.a
LOAD c:/program files (x86)/atmel/studio/7.0/toolchain/avr8/avr8-gnu-toolchain/bin/../lib/gcc/avr/5.4.0/../../../../avr/lib/avr5\libc.a
LOAD C:/Program Files (x86)/Atmel/Studio/7.0/Packs/atmel/ATmega_DFP/1.6.364/gcc/dev/atmega328pb/avr5\libatmega328pb.a
END GROUP
                [0x00000000]                __TEXT_REGION_ORIGIN__ = DEFINED (__TEXT_REGION_ORIGIN__)?__TEXT_REGION_ORIGIN__:0x0
                [0x00800100]                __DATA_REGION_ORIGIN__ = DEFINED (__DATA_REGION_ORIGIN__)?__DATA_REGION_ORIGIN__:0x800060
                [0x00008000]                __TEXT_REGION_LENGTH__ = DEFINED (__TEXT_REGION_LENGTH__)?__TEXT_REGION_LENGTH__:0x20000
                [0x00000800]                __DATA_REGION_LENGTH__ = DEFINED (__DATA_REGION_LENGTH__)?__DATA_REGION_LENGTH__:0xffa0
                [0x00000400]                __EEPROM_REGION_LENGTH__ = DEFINED (__EEPROM_REGION_LENGTH__)?__EEPROM_REGION_LENGTH__:0x10000
                [0x00000003]                __FUSE_REGION_LENGTH__ = DEFINED (__FUSE_REGION_LENGTH__)?__FUSE_REGION_LENGTH__:0x400
                0x00000400                __LOCK_REGION_LENGTH__ = DEFINED (__LOCK_REGION_LENGTH__)?__LOCK_REGION_LENGTH__:0x400
                0x00000400                __SIGNATURE_REGION_LENGTH__ = DEFINED (__SIGNATURE_REGION_LENGTH__)?__SIGNATURE_REGION_LENGTH__:0x400
                0x00000400                __USER_SIGNATURE_REGION_LENGTH__ = DEFINED (__USER_SIGNATURE_REGION_LENGTH__)?__USER_SIGNATURE_REGION_LENGTH__:0x400

.hash
 *(.hash)

.dynsym
 *(.dynsym)

.dynstr
 *(.dynstr)

.gnu.version
 *(.gnu.version)

.gnu.version_d
 *(.gnu.version_d)

.gnu.version_r
 *(.gnu.version_r)

.rel.init
 *(.rel.init)

.rela.init
 *(.rela.init)

.rel.text
 *(.rel.text)
 *(.rel.text.*)
 *(.rel.gnu.linkonce.t*)

.rela.text
 *(.rela.text)
 *(.rela.text.*)
 *(.rela.gnu.linkonce.t*)

.rel.fini
 *(.rel.fini)

.rela.fini
 *(.rela.fini)

.rel.rodata
 *(.rel.rodata)
 *(.rel.rodata.*)
 *(.rel.gnu.linkonce.r*)

.rela.rodata
 *(.rela.rodata)
 *(.rela.rodata.*)
 *(.rela.gnu.linkonce.r*)

.rel.data
 *(.rel.data)
 *(.rel.data.*)
 *(.rel.gnu.linkonce.d*)

.rela.data
 *(.rela.data)
 *(.rela.data.*)
 *(.rela.gnu.linkonce.d*)

.rel.ctors
 *(.rel.ctors)

.rela.ctors
 *(.rela.ctors)

.rel.dtors
 *(.rel.dtors)

.rela.dtors
 *(.rela.dtors)

.rel.got
 *(.rel.got)

.rela.got
 *(.rela.got)

.rel.bss
 *(.rel.bss)

.rela.bss
 *(.rela.bss)

.rel.plt
 *(.rel.plt)

.rela.plt
 *(.rela.plt)

.text           0x00000000      0x922
 *(.vectors)
 .vectors       0x00000000       0xb4 C:/Program Files (x86)/Atmel/Studio/7.0/Packs/atmel/ATmega_DFP/1.6.364/gcc/dev/atmega328pb/avr5/crtatmega328pb.o
                0x00000000                __vector_default
                0x00000000                __vectors
 *(.vectors)
 *(.progmem.gcc*)
                0x000000b4                . = ALIGN (0x2)
                0x000000b4                __trampolines_start = .
 *(.trampolines)
 .trampolines   0x000000b4        0x0 linker stubs
 *(.trampolines*)
                0x000000b4                __trampolines_end = .
 *libprintf_flt.a:*(.progmem.data)
 *libc.a:*(.progmem.data)
 *(.progmem*)
 *fill*         0x000000b4       0x4c 
 .progmem.data.i_sbox
                0x00000100      0x100 aes_decryption.o
                0x00000100                i_sbox
 .progmem.data.rcon_values
                0x00000200        0xb aes_encryption.o
                0x00000200                rcon_values
 *fill*         0x0000020b       0xf5 
 .progmem.data.sbox
                0x00000300      0x100 aes_encryption.o
                0x00000300                sbox
                0x00000400                . = ALIGN (0x2)
 *(.jumptables)
 *(.jumptables*)
 *(.lowtext)
 *(.lowtext*)
                0x00000400                __ctors_start = .
 *(.ctors)
                0x00000400                __ctors_end = .
                0x00000400                __dtors_start = .
 *(.dtors)
                0x00000400                __dtors_end = .
 SORT(*)(.ctors)
 SORT(*)(.dtors)
 *(.init0)
 .init0         0x00000400        0x0 C:/Program Files (x86)/Atmel/Studio/7.0/Packs/atmel/ATmega_DFP/1.6.364/gcc/dev/atmega328pb/avr5/crtatmega328pb.o
                0x00000400                __init
 *(.init0)
 *(.init1)
 *(.init1)
 *(.init2)
 .init2         0x00000400        0xc C:/Program Files (x86)/Atmel/Studio/7.0/Packs/atmel/ATmega_DFP/1.6.364/gcc/dev/atmega328pb/avr5/crtatmega328pb.o
 *(.init2)
 *(.init3)
 *(.init3)
 *(.init4)
 .init4         0x0000040c       0x16 c:/program files (x86)/atmel/studio/7.0/toolchain/avr8/avr8-gnu-toolchain/bin/../lib/gcc/avr/5.4.0/avr5\libgcc.a(_copy_data.o)
                0x0000040c                __do_copy_data
 *(.init4)
 *(.init5)
 *(.init5)
 *(.init6)
 *(.init6)
 *(.init7)
 *(.init7)
 *(.init8)
 *(.init8)
 *(.init9)
 .init9         0x00000422        0x8 C:/Program Files (x86)/Atmel/Studio/7.0/Packs/atmel/ATmega_DFP/1.6.364/gcc/dev/atmega328pb/avr5/crtatmega328pb.o
 *(.init9)
 *(.text)
 .text          0x0000042a        0x4 C:/Program Files (x86)/Atmel/Studio/7.0/Packs/atmel/ATmega_DFP/1.6.364/gcc/dev/atmega328pb/avr5/crtatmega328pb.o
                0x0000042a                __vector_38
                0x0000042a                __vector_22
                0x0000042a                __vector_28
                0x0000042a                __vector_1
                0x0000042a                __vector_32
                0x0000042a                __vector_34
                0x0000042a                __vector_24
                0x0000042a                __vector_12
                0x0000042a                __bad_interrupt
                0x0000042a                __vector_6
                0x0000042a                __vector_31
                0x0000042a                __vector_35
                0x0000042a                __vector_39
                0x0000042a                __vector_3
                0x0000042a                __vector_23
                0x0000042a                __vector_30
                0x0000042a                __vector_25
                0x0000042a                __vector_11
                0x0000042a                __vector_13
                0x0000042a                __vector_17
                0x0000042a                __vector_19
                0x0000042a                __vector_7
                0x0000042a                __vector_41
                0x0000042a                __vector_43
                0x0000042a                __vector_27
                0x0000042a                __vector_5
                0x0000042a                __vector_33
                0x0000042a                __vector_37
                0x0000042a                __vector_4
                0x0000042a                __vector_44
                0x0000042a                __vector_9
                0x0000042a                __vector_2
                0x0000042a                __vector_21
                0x0000042a                __vector_15
                0x0000042a                __vector_36
                0x0000042a                __vector_29
                0x0000042a                __vector_40
                0x0000042a                __vector_8
                0x0000042a                __vector_26
                0x0000042a                __vector_14
                0x0000042a                __vector_10
                0x0000042a                __vector_16
                0x0000042a                __vector_18
                0x0000042a                __vector_20
                0x0000042a                __vector_42
                0x0000042e                . = ALIGN (0x2)
 *(.text.*)
 .text.i_add_round_key
                0x0000042e       0x72 aes_decryption.o
                0x0000042e                i_add_round_key
 .text.i_substitute_bytes
                0x000004a0       0x20 aes_decryption.o
                0x000004a0                i_substitute_bytes
 .text.rotate_right
                0x000004c0       0x22 aes_decryption.o
                0x000004c0                rotate_right
 .text.i_shift_rows
                0x000004e2       0x9a aes_decryption.o
                0x000004e2                i_shift_rows
 .text.aes_decrypt
                0x0000057c       0x7c aes_decryption.o
                0x0000057c                aes_decrypt
 .text.add_round_key
                0x000005f8       0x76 aes_encryption.o
                0x000005f8                add_round_key
 .text.substitute_bytes
                0x0000066e       0x20 aes_encryption.o
                0x0000066e                substitute_bytes
 .text.rotate_left
                0x0000068e       0x22 aes_encryption.o
                0x0000068e                rotate_left
 .text.shift_rows
                0x000006b0       0x9a aes_encryption.o
                0x000006b0                shift_rows
 .text.aes_encrypt
                0x0000074a       0x78 aes_encryption.o
                0x0000074a                aes_encrypt
 .text.expand_key
                0x000007c2       0xfa aes_encryption.o
                0x000007c2                expand_key
 .text.main     0x000008bc       0x62 main.o
                0x000008bc                main
                0x0000091e                . = ALIGN (0x2)
 *(.fini9)
 .fini9         0x0000091e        0x0 c:/program files (x86)/atmel/studio/7.0/toolchain/avr8/avr8-gnu-toolchain/bin/../lib/gcc/avr/5.4.0/avr5\libgcc.a(_exit.o)
                0x0000091e                _exit
                0x0000091e                exit
 *(.fini9)
 *(.fini8)
 *(.fini8)
 *(.fini7)
 *(.fini7)
 *(.fini6)
 *(.fini6)
 *(.fini5)
 *(.fini5)
 *(.fini4)
 *(.fini4)
 *(.fini3)
 *(.fini3)
 *(.fini2)
 *(.fini2)
 *(.fini1)
 *(.fini1)
 *(.fini0)
 .fini0         0x0000091e        0x4 c:/program files (x86)/atmel/studio/7.0/toolchain/avr8/avr8-gnu-toolchain/bin/../lib/gcc/avr/5.4.0/avr5\libgcc.a(_exit.o)
 *(.fini0)
                0x00000922                _etext = .

.data           0x00800100       0x10 load address 0x00000922
                0x00800100                PROVIDE (__data_start, .)
 *(.data)
 *(.data*)
 *(.gnu.linkonce.d*)
 *(.rodata)
 .rodata        0x00800100       0x10 main.o
 *(.rodata*)
 *(.gnu.linkonce.r*)
                0x00800110                . = ALIGN (0x2)
                0x00800110                _edata = .
                0x00800110                PROVIDE (__data_end, .)

.bss            0x00800110        0x0
                [!provide]                PROVIDE (__bss_start, .)
 *(.bss)
 *(.bss*)
 *(COMMON)
                [!provide]                PROVIDE (__bss_end, .)
                0x00000922                __data_load_start = LOADADDR (.data)
                0x00000932                __data_load_end = (__data_load_start + SIZEOF (.data))

.noinit         0x00800110        0x0
                [!provide]                PROVIDE (__noinit_start, .)
 *(.noinit*)
                [!provide]                PROVIDE (__noinit_end, .)
                0x00800110                _end = .
                [!provide]                PROVIDE (__heap_start, .)

.eeprom         0x00810000        0x0
 *(.eeprom*)
                0x00810000                __eeprom_end = .

.fuse
 *(.fuse)
 *(.lfuse)
 *(.hfuse)
 *(.efuse)

.lock
 *(.lock*)

.signature
 *(.signature*)

.user_signatures
 *(.user_signatures*)

.stab
 *(.stab)

.stabstr
 *(.stabstr)

.stab.excl
 *(.stab.excl)

.stab.exclstr
 *(.stab.exclstr)

.stab.index
 *(.stab.index)

.stab.indexstr
 *(.stab.indexstr)

.comment        0x00000000       0x30
 *(.comment)
 .comment       0x00000000       0x30 aes_decryption.o
                                 0x31 (size before relaxing)
 .comment       0x00000030       0x31 aes_encryption.o
 .comment       0x00000030       0x31 main.o

.note.gnu.avr.deviceinfo
                0x00000000       0x40
 .note.gnu.avr.deviceinfo
                0x00000000       0x40 C:/Program Files (x86)/Atmel/Studio/7.0/Packs/atmel/ATmega_DFP/1.6.364/gcc/dev/atmega328pb/avr5/crtatmega328pb.o

.note.gnu.build-id
 *(.note.gnu.build-id)

.debug
 *(.debug)

.line
 *(.line)

.debug_srcinfo
 *(.debug_srcinfo)

.debug_sfnames
 *(.debug_sfnames)

.debug_aranges  0x00000000       0xb8
 *(.debug_aranges)
 .debug_aranges
                0x00000000       0x48 aes_decryption.o
 .debug_aranges
                0x00000048       0x50 aes_encryption.o
 .debug_aranges
                0x00000098       0x20 main.o

.debug_pubnames
 *(.debug_pubnames)

.debug_info     0x00000000     0x1593
 *(.debug_info .gnu.linkonce.wi.*)
 .debug_info    0x00000000      0x8ea C:/Program Files (x86)/Atmel/Studio/7.0/Packs/atmel/ATmega_DFP/1.6.364/gcc/dev/atmega328pb/avr5/crtatmega328pb.o
 .debug_info    0x000008ea      0x4db aes_decryption.o
 .debug_info    0x00000dc5      0x652 aes_encryption.o
 .debug_info    0x00001417      0x17c main.o

.debug_abbrev   0x00000000      0xbf9
 *(.debug_abbrev)
 .debug_abbrev  0x00000000      0x86e C:/Program Files (x86)/Atmel/Studio/7.0/Packs/atmel/ATmega_DFP/1.6.364/gcc/dev/atmega328pb/avr5/crtatmega328pb.o
 .debug_abbrev  0x0000086e      0x162 aes_decryption.o
 .debug_abbrev  0x000009d0      0x171 aes_encryption.o
 .debug_abbrev  0x00000b41       0xb8 main.o

.debug_line     0x00000000      0x899
 *(.debug_line .debug_line.* .debug_line_end)
 .debug_line    0x00000000      0x1a6 C:/Program Files (x86)/Atmel/Studio/7.0/Packs/atmel/ATmega_DFP/1.6.364/gcc/dev/atmega328pb/avr5/crtatmega328pb.o
 .debug_line    0x000001a6      0x2b3 aes_decryption.o
 .debug_line    0x00000459      0x34b aes_encryption.o
 .debug_line    0x000007a4       0xf5 main.o

.debug_frame    0x00000000      0x1fc
 *(.debug_frame)
 .debug_frame   0x00000000       0xcc aes_decryption.o
 .debug_frame   0x000000cc       0xf8 aes_encryption.o
 .debug_frame   0x000001c4       0x38 main.o

.debug_str      0x00000000      0x5c1
 *(.debug_str)
 .debug_str     0x00000000      0x318 C:/Program Files (x86)/Atmel/Studio/7.0/Packs/atmel/ATmega_DFP/1.6.364/gcc/dev/atmega328pb/avr5/crtatmega328pb.o
 .debug_str     0x00000318      0x21c aes_decryption.o
                                0x26e (size before relaxing)
 .debug_str     0x00000534       0x51 aes_encryption.o
                                0x28b (size before relaxing)
 .debug_str     0x00000585       0x3c main.o
                                0x1b5 (size before relaxing)

.debug_loc      0x00000000      0x96a
 *(.debug_loc)
 .debug_loc     0x00000000      0x3be aes_decryption.o
 .debug_loc     0x000003be      0x564 aes_encryption.o
 .debug_loc     0x00000922       0x48 main.o

.debug_macinfo
 *(.debug_macinfo)

.debug_weaknames
 *(.debug_weaknames)

.debug_funcnames
 *(.debug_funcnames)

.debug_typenames
 *(.debug_typenames)

.debug_varnames
 *(.debug_varnames)

.debug_pubtypes
 *(.debug_pubtypes)

.debug_ranges   0x00000000      0x148
 *(.debug_ranges)
 .debug_ranges  0x00000000       0x98 aes_decryption.o
 .debug_ranges  0x00000098       0xa0 aes_encryption.o
 .debug_ranges  0x00000138       0x10 main.o

.debug_macro
 *(.debug_macro)
OUTPUT(AES_Project.elf elf32-avr)
LOAD linker stubs
